This is pdfTeX, Version 3.141592653-2.6-1.40.25 (MiKTeX 23.4) (preloaded format=pdflatex 2025.1.13)  30 JUL 2026 20:01
entering extended mode
 \write18 enabled.
 %&-line parsing enabled.
**\def\tikzexternalrealjob{main}\input{main}
(main.tex (C:\Users\mauri\AppData\Local\Programs\MiKTeX1\tex/latex/base\book.cl
s
Document Class: book 2021/02/12 v1.4n Standard LaTeX document class
(C:\Users\mauri\AppData\Local\Programs\MiKTeX1\tex/latex/base\bk10.clo
File: bk10.clo 2021/02/12 v1.4n Standard LaTeX file (size option)
)
\c@part=\count182
\c@chapter=\count183
\c@section=\count184
\c@subsection=\count185
\c@subsubsection=\count186
\c@paragraph=\count187
\c@subparagraph=\count188
\c@figure=\count189
\c@table=\count190
\abovecaptionskip=\skip47
\belowcaptionskip=\skip48
\bibindent=\dimen138
) (preambulo/preambulo.tex (C:\Users\mauri\AppData\Local\Programs\MiKTeX1\tex/l
atex/amsmath\amsmath.sty
Package: amsmath 2021/04/20 v2.17j AMS math features
\@mathmargin=\skip49
For additional information on amsmath, use the `?' option.
(C:\Users\mauri\AppData\Local\Programs\MiKTeX1\tex/latex/amsmath\amstext.sty
Package: amstext 2000/06/29 v2.01 AMS text
(C:\Users\mauri\AppData\Local\Programs\MiKTeX1\tex/latex/amsmath\amsgen.sty
File: amsgen.sty 1999/11/30 v2.0 generic functions
\@emptytoks=\toks16
\ex@=\dimen139
)) (C:\Users\mauri\AppData\Local\Programs\MiKTeX1\tex/latex/amsmath\amsbsy.sty
Package: amsbsy 1999/11/29 v1.2d Bold Symbols
\pmbraise@=\dimen140
) (C:\Users\mauri\AppData\Local\Programs\MiKTeX1\tex/latex/amsmath\amsopn.sty
Package: amsopn 2016/03/08 v2.02 operator names
)
\inf@bad=\count191
LaTeX Info: Redefining \frac on input line 234.
\uproot@=\count192
\leftroot@=\count193
LaTeX Info: Redefining \overline on input line 399.
\classnum@=\count194
\DOTSCASE@=\count195
LaTeX Info: Redefining \ldots on input line 496.
LaTeX Info: Redefining \dots on input line 499.
LaTeX Info: Redefining \cdots on input line 620.
\Mathstrutbox@=\box50
\strutbox@=\box51
\big@size=\dimen141
LaTeX Font Info:    Redeclaring font encoding OML on input line 743.
LaTeX Font Info:    Redeclaring font encoding OMS on input line 744.
\macc@depth=\count196
\c@MaxMatrixCols=\count197
\dotsspace@=\muskip16
\c@parentequation=\count198
\dspbrk@lvl=\count199
\tag@help=\toks17
\row@=\count266
\column@=\count267
\maxfields@=\count268
\andhelp@=\toks18
\eqnshift@=\dimen142
\alignsep@=\dimen143
\tagshift@=\dimen144
\tagwidth@=\dimen145
\totwidth@=\dimen146
\lineht@=\dimen147
\@envbody=\toks19
\multlinegap=\skip50
\multlinetaggap=\skip51
\mathdisplay@stack=\toks20
LaTeX Info: Redefining \[ on input line 2923.
LaTeX Info: Redefining \] on input line 2924.
) (C:\Users\mauri\AppData\Local\Programs\MiKTeX1\tex/latex/amscls\amsthm.sty
Package: amsthm 2020/05/29 v2.20.6
\thm@style=\toks21
\thm@bodyfont=\toks22
\thm@headfont=\toks23
\thm@notefont=\toks24
\thm@headpunct=\toks25
\thm@preskip=\skip52
\thm@postskip=\skip53
\thm@headsep=\skip54
\dth@everypar=\toks26
) (C:\Users\mauri\AppData\Local\Programs\MiKTeX1\tex/latex/amsfonts\amssymb.sty
Package: amssymb 2013/01/14 v3.01 AMS font symbols
(C:\Users\mauri\AppData\Local\Programs\MiKTeX1\tex/latex/amsfonts\amsfonts.sty
Package: amsfonts 2013/01/14 v3.01 Basic AMSFonts support
\symAMSa=\mathgroup4
\symAMSb=\mathgroup5
LaTeX Font Info:    Redeclaring math symbol \hbar on input line 98.
LaTeX Font Info:    Overwriting math alphabet `\mathfrak' in version `bold'
(Font)                  U/euf/m/n --> U/euf/b/n on input line 106.
)) (C:\Users\mauri\AppData\Local\Programs\MiKTeX1\tex/latex/thmtools\thmtools.s
ty
Package: thmtools 2023/05/04 v0.76
\thmt@toks=\toks27
\c@thmt@dummyctr=\count269

(C:\Users\mauri\AppData\Local\Programs\MiKTeX1\tex/latex/thmtools\thm-patch.sty
Package: thm-patch 2023/05/04 v0.76

(C:\Users\mauri\AppData\Local\Programs\MiKTeX1\tex/latex/thmtools\parseargs.sty
Package: parseargs 2023/05/04 v0.76
\@parsespec=\toks28
)) (C:\Users\mauri\AppData\Local\Programs\MiKTeX1\tex/latex/thmtools\thm-kv.sty
Package: thm-kv 2023/05/04 v0.76
Package thm-kv Info: Theorem names will be uppercased on input line 42.
(C:\Users\mauri\AppData\Local\Programs\MiKTeX1\tex/latex/graphics\keyval.sty
Package: keyval 2014/10/28 v1.15 key=value parser (DPC)
\KV@toks@=\toks29
)
(C:\Users\mauri\AppData\Local\Programs\MiKTeX1\tex/latex/kvsetkeys\kvsetkeys.st
y
Package: kvsetkeys 2022-10-05 v1.19 Key value parser (HO)
)
Package thm-kv Info: kvsetkeys patch (v1.16 or later) on input line 158.
)
(C:\Users\mauri\AppData\Local\Programs\MiKTeX1\tex/latex/thmtools\thm-autoref.s
ty
Package: thm-autoref 2023/05/04 v0.76
(C:\Users\mauri\AppData\Local\Programs\MiKTeX1\tex/latex/thmtools\aliasctr.sty
Package: aliasctr 2023/05/04 v0.76
))
(C:\Users\mauri\AppData\Local\Programs\MiKTeX1\tex/latex/thmtools\thm-listof.st
y
Package: thm-listof 2023/05/04 v0.76
)
(C:\Users\mauri\AppData\Local\Programs\MiKTeX1\tex/latex/thmtools\thm-restate.s
ty
Package: thm-restate 2023/05/04 v0.76
)
(C:\Users\mauri\AppData\Local\Programs\MiKTeX1\tex/latex/thmtools\thm-amsthm.st
y
Package: thm-amsthm 2023/05/04 v0.76
\thmt@style@headstyle=\toks30
)) (C:\Users\mauri\AppData\Local\Programs\MiKTeX1\tex/latex/graphics\graphicx.s
ty
Package: graphicx 2020/12/05 v1.2c Enhanced LaTeX Graphics (DPC,SPQR)
(C:\Users\mauri\AppData\Local\Programs\MiKTeX1\tex/latex/graphics\graphics.sty
Package: graphics 2021/03/04 v1.4d Standard LaTeX Graphics (DPC,SPQR)
(C:\Users\mauri\AppData\Local\Programs\MiKTeX1\tex/latex/graphics\trig.sty
Package: trig 2016/01/03 v1.10 sin cos tan (DPC)
)
(C:\Users\mauri\AppData\Local\Programs\MiKTeX1\tex/latex/graphics-cfg\graphics.
cfg
File: graphics.cfg 2016/06/04 v1.11 sample graphics configuration
)
Package graphics Info: Driver file: pdftex.def on input line 107.

(C:\Users\mauri\AppData\Local\Programs\MiKTeX1\tex/latex/graphics-def\pdftex.de
f
File: pdftex.def 2020/10/05 v1.2a Graphics/color driver for pdftex
))
\Gin@req@height=\dimen148
\Gin@req@width=\dimen149
) (C:\Users\mauri\AppData\Local\Programs\MiKTeX1\tex/latex/setspace\setspace.st
y
Package: setspace 2022/12/04 v6.7b set line spacing
) (C:\Users\mauri\AppData\Local\Programs\MiKTeX1\tex/latex/geometry\geometry.st
y
Package: geometry 2020/01/02 v5.9 Page Geometry
(C:\Users\mauri\AppData\Local\Programs\MiKTeX1\tex/generic/iftex\ifvtex.sty
Package: ifvtex 2019/10/25 v1.7 ifvtex legacy package. Use iftex instead.
(C:\Users\mauri\AppData\Local\Programs\MiKTeX1\tex/generic/iftex\iftex.sty
Package: iftex 2020/03/06 v1.0d TeX engine tests
))
\Gm@cnth=\count270
\Gm@cntv=\count271
\c@Gm@tempcnt=\count272
\Gm@bindingoffset=\dimen150
\Gm@wd@mp=\dimen151
\Gm@odd@mp=\dimen152
\Gm@even@mp=\dimen153
\Gm@layoutwidth=\dimen154
\Gm@layoutheight=\dimen155
\Gm@layouthoffset=\dimen156
\Gm@layoutvoffset=\dimen157
\Gm@dimlist=\toks31
(C:\Users\mauri\AppData\Local\Programs\MiKTeX1\tex/latex/geometry\geometry.cfg)
) (C:\Users\mauri\AppData\Local\Programs\MiKTeX1\tex/latex/float\float.sty
Package: float 2001/11/08 v1.3d Float enhancements (AL)
\c@float@type=\count273
\float@exts=\toks32
\float@box=\box52
\@float@everytoks=\toks33
\@floatcapt=\box53
) (C:\Users\mauri\AppData\Local\Programs\MiKTeX1\tex/latex/hyperref\hyperref.st
y
Package: hyperref 2021-06-07 v7.00m Hypertext links for LaTeX
(C:\Users\mauri\AppData\Local\Programs\MiKTeX1\tex/generic/ltxcmds\ltxcmds.sty
Package: ltxcmds 2023-12-04 v1.26 LaTeX kernel commands for general use (HO)
)
(C:\Users\mauri\AppData\Local\Programs\MiKTeX1\tex/generic/pdftexcmds\pdftexcmd
s.sty
Package: pdftexcmds 2020-06-27 v0.33 Utility functions of pdfTeX for LuaTeX (HO
)

(C:\Users\mauri\AppData\Local\Programs\MiKTeX1\tex/generic/infwarerr\infwarerr.
sty
Package: infwarerr 2019/12/03 v1.5 Providing info/warning/error messages (HO)
)
Package pdftexcmds Info: \pdf@primitive is available.
Package pdftexcmds Info: \pdf@ifprimitive is available.
Package pdftexcmds Info: \pdfdraftmode found.
)
(C:\Users\mauri\AppData\Local\Programs\MiKTeX1\tex/generic/kvdefinekeys\kvdefin
ekeys.sty
Package: kvdefinekeys 2019-12-19 v1.6 Define keys (HO)
)
(C:\Users\mauri\AppData\Local\Programs\MiKTeX1\tex/generic/pdfescape\pdfescape.
sty
Package: pdfescape 2019/12/09 v1.15 Implements pdfTeX's escape features (HO)
) (C:\Users\mauri\AppData\Local\Programs\MiKTeX1\tex/latex/hycolor\hycolor.sty
Package: hycolor 2020-01-27 v1.10 Color options for hyperref/bookmark (HO)
)
(C:\Users\mauri\AppData\Local\Programs\MiKTeX1\tex/latex/letltxmacro\letltxmacr
o.sty
Package: letltxmacro 2019/12/03 v1.6 Let assignment for LaTeX macros (HO)
) (C:\Users\mauri\AppData\Local\Programs\MiKTeX1\tex/latex/auxhook\auxhook.sty
Package: auxhook 2019-12-17 v1.6 Hooks for auxiliary files (HO)
)
(C:\Users\mauri\AppData\Local\Programs\MiKTeX1\tex/latex/kvoptions\kvoptions.st
y
Package: kvoptions 2022-06-15 v3.15 Key value format for package options (HO)
)
\@linkdim=\dimen158
\Hy@linkcounter=\count274
\Hy@pagecounter=\count275
(C:\Users\mauri\AppData\Local\Programs\MiKTeX1\tex/latex/hyperref\pd1enc.def
File: pd1enc.def 2021-06-07 v7.00m Hyperref: PDFDocEncoding definition (HO)
Now handling font encoding PD1 ...
... no UTF-8 mapping file for font encoding PD1
)
(C:\Users\mauri\AppData\Local\Programs\MiKTeX1\tex/latex/hyperref\hyperref-lang
patches.def
File: hyperref-langpatches.def 2021-06-07 v7.00m Hyperref: patches for babel la
nguages
) (C:\Users\mauri\AppData\Local\Programs\MiKTeX1\tex/generic/intcalc\intcalc.st
y
Package: intcalc 2019/12/15 v1.3 Expandable calculations with integers (HO)
)
(C:\Users\mauri\AppData\Local\Programs\MiKTeX1\tex/generic/etexcmds\etexcmds.st
y
Package: etexcmds 2019/12/15 v1.7 Avoid name clashes with e-TeX commands (HO)
)
\Hy@SavedSpaceFactor=\count276
(C:\Users\mauri\AppData\Local\Programs\MiKTeX1\tex/latex/hyperref\puenc.def
File: puenc.def 2021-06-07 v7.00m Hyperref: PDF Unicode definition (HO)
Now handling font encoding PU ...
... no UTF-8 mapping file for font encoding PU
)
Package hyperref Info: Hyper figures OFF on input line 4192.
Package hyperref Info: Link nesting OFF on input line 4197.
Package hyperref Info: Hyper index ON on input line 4200.
Package hyperref Info: Plain pages OFF on input line 4207.
Package hyperref Info: Backreferencing OFF on input line 4212.
Package hyperref Info: Implicit mode ON; LaTeX internals redefined.
Package hyperref Info: Bookmarks ON on input line 4445.
\c@Hy@tempcnt=\count277
(C:\Users\mauri\AppData\Local\Programs\MiKTeX1\tex/latex/url\url.sty
\Urlmuskip=\muskip17
Package: url 2013/09/16  ver 3.4  Verb mode for urls, etc.
)
LaTeX Info: Redefining \url on input line 4804.
\XeTeXLinkMargin=\dimen159
(C:\Users\mauri\AppData\Local\Programs\MiKTeX1\tex/generic/bitset\bitset.sty
Package: bitset 2019/12/09 v1.3 Handle bit-vector datatype (HO)

(C:\Users\mauri\AppData\Local\Programs\MiKTeX1\tex/generic/bigintcalc\bigintcal
c.sty
Package: bigintcalc 2019/12/15 v1.5 Expandable calculations on big integers (HO
)
))
\Fld@menulength=\count278
\Field@Width=\dimen160
\Fld@charsize=\dimen161
Package hyperref Info: Hyper figures OFF on input line 6076.
Package hyperref Info: Link nesting OFF on input line 6081.
Package hyperref Info: Hyper index ON on input line 6084.
Package hyperref Info: backreferencing OFF on input line 6091.
Package hyperref Info: Link coloring OFF on input line 6096.
Package hyperref Info: Link coloring with OCG OFF on input line 6101.
Package hyperref Info: PDF/A mode OFF on input line 6106.
LaTeX Info: Redefining \ref on input line 6146.
LaTeX Info: Redefining \pageref on input line 6150.
(C:\Users\mauri\AppData\Local\Programs\MiKTeX1\tex/latex/base\atbegshi-ltx.sty
Package: atbegshi-ltx 2021/01/10 v1.0c Emulation of the original atbegshi
package with kernel methods
)
\Hy@abspage=\count279
\c@Item=\count280
\c@Hfootnote=\count281
)
Package hyperref Info: Driver (autodetected): hpdftex.
(C:\Users\mauri\AppData\Local\Programs\MiKTeX1\tex/latex/hyperref\hpdftex.def
File: hpdftex.def 2021-06-07 v7.00m Hyperref driver for pdfTeX

(C:\Users\mauri\AppData\Local\Programs\MiKTeX1\tex/latex/base\atveryend-ltx.sty
Package: atveryend-ltx 2020/08/19 v1.0a Emulation of the original atvery packag
e
with kernel methods
)
\Fld@listcount=\count282
\c@bookmark@seq@number=\count283

(C:\Users\mauri\AppData\Local\Programs\MiKTeX1\tex/latex/rerunfilecheck\rerunfi
lecheck.sty
Package: rerunfilecheck 2022-07-10 v1.10 Rerun checks for auxiliary files (HO)

(C:\Users\mauri\AppData\Local\Programs\MiKTeX1\tex/generic/uniquecounter\unique
counter.sty
Package: uniquecounter 2019/12/15 v1.4 Provide unlimited unique counter (HO)
)
Package uniquecounter Info: New unique counter `rerunfilecheck' on input line 2
85.
)
\Hy@SectionHShift=\skip55
) (C:\Users\mauri\AppData\Local\Programs\MiKTeX1\tex/latex/base\inputenc.sty
Package: inputenc 2021/02/14 v1.3d Input encoding file
\inpenc@prehook=\toks34
\inpenc@posthook=\toks35
) (C:\Users\mauri\AppData\Local\Programs\MiKTeX1\tex/generic/babel\babel.sty
Package: babel 2021/07/22 3.63 The Babel package
(C:\Users\mauri\AppData\Local\Programs\MiKTeX1\tex/generic/babel\babel.def
File: babel.def 2021/07/22 3.63 Babel common definitions
\babel@savecnt=\count284
\U@D=\dimen162
\l@unhyphenated=\language79
(C:\Users\mauri\AppData\Local\Programs\MiKTeX1\tex/generic/babel\txtbabel.def)
\bbl@readstream=\read2
)
\bbl@dirlevel=\count285
*************************************
* Local config file bblopts.cfg used
*
(C:\Users\mauri\AppData\Local\Programs\MiKTeX1\tex/latex/arabi\bblopts.cfg
File: bblopts.cfg 2005/09/08 v0.1 add Arabic and Farsi to "declared" options of
 babel
)
(C:\Users\mauri\AppData\Local\Programs\MiKTeX1\tex/latex/babel-spanish\spanish.
ldf
Language: spanish.ldf 2021/05/27 v5.0q Spanish support from the babel system
\es@quottoks=\toks36
\es@quotdepth=\count286
)) (C:\Users\mauri\AppData\Local\Programs\MiKTeX1\tex/latex/framed\framed.sty
Package: framed 2011/10/22 v 0.96: framed or shaded text with page breaks
\OuterFrameSep=\skip56
\fb@frw=\dimen163
\fb@frh=\dimen164
\FrameRule=\dimen165
\FrameSep=\dimen166
) (C:\Users\mauri\AppData\Local\Programs\MiKTeX1\tex/latex/xcolor\xcolor.sty
Package: xcolor 2016/05/11 v2.12 LaTeX color extensions (UK)

(C:\Users\mauri\AppData\Local\Programs\MiKTeX1\tex/latex/graphics-cfg\color.cfg
File: color.cfg 2016/01/02 v1.6 sample color configuration
)
Package xcolor Info: Driver file: pdftex.def on input line 225.
Package xcolor Info: Model `cmy' substituted by `cmy0' on input line 1348.
Package xcolor Info: Model `hsb' substituted by `rgb' on input line 1352.
Package xcolor Info: Model `RGB' extended on input line 1364.
Package xcolor Info: Model `HTML' substituted by `rgb' on input line 1366.
Package xcolor Info: Model `Hsb' substituted by `hsb' on input line 1367.
Package xcolor Info: Model `tHsb' substituted by `hsb' on input line 1368.
Package xcolor Info: Model `HSB' substituted by `hsb' on input line 1369.
Package xcolor Info: Model `Gray' substituted by `gray' on input line 1370.
Package xcolor Info: Model `wave' substituted by `hsb' on input line 1371.
(C:\Users\mauri\AppData\Local\Programs\MiKTeX1\tex/latex/graphics\dvipsnam.def
File: dvipsnam.def 2016/06/17 v3.0m Driver-dependent file (DPC,SPQR)
)) (C:\Users\mauri\AppData\Local\Programs\MiKTeX1\tex/latex/jknappen\mathrsfs.s
ty
Package: mathrsfs 1996/01/01 Math RSFS package v1.0 (jk)
\symrsfs=\mathgroup6
)
(C:\Users\mauri\AppData\Local\Programs\MiKTeX1\tex/latex/tcolorbox\tcolorbox.st
y
Package: tcolorbox 2021/06/14 version 4.51 text color boxes

(C:\Users\mauri\AppData\Local\Programs\MiKTeX1\tex/latex/pgf/basiclayer\pgf.sty

(C:\Users\mauri\AppData\Local\Programs\MiKTeX1\tex/latex/pgf/utilities\pgfrcs.s
ty
(C:\Users\mauri\AppData\Local\Programs\MiKTeX1\tex/generic/pgf/utilities\pgfuti
l-common.tex
\pgfutil@everybye=\toks37
\pgfutil@tempdima=\dimen167
\pgfutil@tempdimb=\dimen168

(C:\Users\mauri\AppData\Local\Programs\MiKTeX1\tex/generic/pgf/utilities\pgfuti
l-common-lists.tex))
(C:\Users\mauri\AppData\Local\Programs\MiKTeX1\tex/generic/pgf/utilities\pgfuti
l-latex.def
\pgfutil@abb=\box54
)
(C:\Users\mauri\AppData\Local\Programs\MiKTeX1\tex/generic/pgf/utilities\pgfrcs
.code.tex
(C:\Users\mauri\AppData\Local\Programs\MiKTeX1\tex/generic/pgf\pgf.revision.tex
)
Package: pgfrcs 2021/05/15 v3.1.9a (3.1.9a)
))
Package: pgf 2021/05/15 v3.1.9a (3.1.9a)

(C:\Users\mauri\AppData\Local\Programs\MiKTeX1\tex/latex/pgf/basiclayer\pgfcore
.sty
(C:\Users\mauri\AppData\Local\Programs\MiKTeX1\tex/latex/pgf/systemlayer\pgfsys
.sty
(C:\Users\mauri\AppData\Local\Programs\MiKTeX1\tex/generic/pgf/systemlayer\pgfs
ys.code.tex
Package: pgfsys 2021/05/15 v3.1.9a (3.1.9a)

(C:\Users\mauri\AppData\Local\Programs\MiKTeX1\tex/generic/pgf/utilities\pgfkey
s.code.tex
\pgfkeys@pathtoks=\toks38
\pgfkeys@temptoks=\toks39

(C:\Users\mauri\AppData\Local\Programs\MiKTeX1\tex/generic/pgf/utilities\pgfkey
sfiltered.code.tex
\pgfkeys@tmptoks=\toks40
))
\pgf@x=\dimen169
\pgf@y=\dimen170
\pgf@xa=\dimen171
\pgf@ya=\dimen172
\pgf@xb=\dimen173
\pgf@yb=\dimen174
\pgf@xc=\dimen175
\pgf@yc=\dimen176
\pgf@xd=\dimen177
\pgf@yd=\dimen178
\w@pgf@writea=\write3
\r@pgf@reada=\read3
\c@pgf@counta=\count287
\c@pgf@countb=\count288
\c@pgf@countc=\count289
\c@pgf@countd=\count290
\t@pgf@toka=\toks41
\t@pgf@tokb=\toks42
\t@pgf@tokc=\toks43
\pgf@sys@id@count=\count291

(C:\Users\mauri\AppData\Local\Programs\MiKTeX1\tex/generic/pgf/systemlayer\pgf.
cfg
File: pgf.cfg 2021/05/15 v3.1.9a (3.1.9a)
)
Driver file for pgf: pgfsys-pdftex.def

(C:\Users\mauri\AppData\Local\Programs\MiKTeX1\tex/generic/pgf/systemlayer\pgfs
ys-pdftex.def
File: pgfsys-pdftex.def 2021/05/15 v3.1.9a (3.1.9a)

(C:\Users\mauri\AppData\Local\Programs\MiKTeX1\tex/generic/pgf/systemlayer\pgfs
ys-common-pdf.def
File: pgfsys-common-pdf.def 2021/05/15 v3.1.9a (3.1.9a)
)))
(C:\Users\mauri\AppData\Local\Programs\MiKTeX1\tex/generic/pgf/systemlayer\pgfs
yssoftpath.code.tex
File: pgfsyssoftpath.code.tex 2021/05/15 v3.1.9a (3.1.9a)
\pgfsyssoftpath@smallbuffer@items=\count292
\pgfsyssoftpath@bigbuffer@items=\count293
)
(C:\Users\mauri\AppData\Local\Programs\MiKTeX1\tex/generic/pgf/systemlayer\pgfs
ysprotocol.code.tex
File: pgfsysprotocol.code.tex 2021/05/15 v3.1.9a (3.1.9a)
))
(C:\Users\mauri\AppData\Local\Programs\MiKTeX1\tex/generic/pgf/basiclayer\pgfco
re.code.tex
Package: pgfcore 2021/05/15 v3.1.9a (3.1.9a)

(C:\Users\mauri\AppData\Local\Programs\MiKTeX1\tex/generic/pgf/math\pgfmath.cod
e.tex
(C:\Users\mauri\AppData\Local\Programs\MiKTeX1\tex/generic/pgf/math\pgfmathcalc
.code.tex
(C:\Users\mauri\AppData\Local\Programs\MiKTeX1\tex/generic/pgf/math\pgfmathutil
.code.tex)
(C:\Users\mauri\AppData\Local\Programs\MiKTeX1\tex/generic/pgf/math\pgfmathpars
er.code.tex
\pgfmath@dimen=\dimen179
\pgfmath@count=\count294
\pgfmath@box=\box55
\pgfmath@toks=\toks44
\pgfmath@stack@operand=\toks45
\pgfmath@stack@operation=\toks46
)
(C:\Users\mauri\AppData\Local\Programs\MiKTeX1\tex/generic/pgf/math\pgfmathfunc
tions.code.tex
(C:\Users\mauri\AppData\Local\Programs\MiKTeX1\tex/generic/pgf/math\pgfmathfunc
tions.basic.code.tex)
(C:\Users\mauri\AppData\Local\Programs\MiKTeX1\tex/generic/pgf/math\pgfmathfunc
tions.trigonometric.code.tex)
(C:\Users\mauri\AppData\Local\Programs\MiKTeX1\tex/generic/pgf/math\pgfmathfunc
tions.random.code.tex)
(C:\Users\mauri\AppData\Local\Programs\MiKTeX1\tex/generic/pgf/math\pgfmathfunc
tions.comparison.code.tex)
(C:\Users\mauri\AppData\Local\Programs\MiKTeX1\tex/generic/pgf/math\pgfmathfunc
tions.base.code.tex)
(C:\Users\mauri\AppData\Local\Programs\MiKTeX1\tex/generic/pgf/math\pgfmathfunc
tions.round.code.tex)
(C:\Users\mauri\AppData\Local\Programs\MiKTeX1\tex/generic/pgf/math\pgfmathfunc
tions.misc.code.tex)
(C:\Users\mauri\AppData\Local\Programs\MiKTeX1\tex/generic/pgf/math\pgfmathfunc
tions.integerarithmetics.code.tex)))
(C:\Users\mauri\AppData\Local\Programs\MiKTeX1\tex/generic/pgf/math\pgfmathfloa
t.code.tex
\c@pgfmathroundto@lastzeros=\count295
))
(C:\Users\mauri\AppData\Local\Programs\MiKTeX1\tex/generic/pgf/math\pgfint.code
.tex)
(C:\Users\mauri\AppData\Local\Programs\MiKTeX1\tex/generic/pgf/basiclayer\pgfco
repoints.code.tex
File: pgfcorepoints.code.tex 2021/05/15 v3.1.9a (3.1.9a)
\pgf@picminx=\dimen180
\pgf@picmaxx=\dimen181
\pgf@picminy=\dimen182
\pgf@picmaxy=\dimen183
\pgf@pathminx=\dimen184
\pgf@pathmaxx=\dimen185
\pgf@pathminy=\dimen186
\pgf@pathmaxy=\dimen187
\pgf@xx=\dimen188
\pgf@xy=\dimen189
\pgf@yx=\dimen190
\pgf@yy=\dimen191
\pgf@zx=\dimen192
\pgf@zy=\dimen193
)
(C:\Users\mauri\AppData\Local\Programs\MiKTeX1\tex/generic/pgf/basiclayer\pgfco
repathconstruct.code.tex
File: pgfcorepathconstruct.code.tex 2021/05/15 v3.1.9a (3.1.9a)
\pgf@path@lastx=\dimen194
\pgf@path@lasty=\dimen195
)
(C:\Users\mauri\AppData\Local\Programs\MiKTeX1\tex/generic/pgf/basiclayer\pgfco
repathusage.code.tex
File: pgfcorepathusage.code.tex 2021/05/15 v3.1.9a (3.1.9a)
\pgf@shorten@end@additional=\dimen196
\pgf@shorten@start@additional=\dimen197
)
(C:\Users\mauri\AppData\Local\Programs\MiKTeX1\tex/generic/pgf/basiclayer\pgfco
rescopes.code.tex
File: pgfcorescopes.code.tex 2021/05/15 v3.1.9a (3.1.9a)
\pgfpic=\box56
\pgf@hbox=\box57
\pgf@layerbox@main=\box58
\pgf@picture@serial@count=\count296
)
(C:\Users\mauri\AppData\Local\Programs\MiKTeX1\tex/generic/pgf/basiclayer\pgfco
regraphicstate.code.tex
File: pgfcoregraphicstate.code.tex 2021/05/15 v3.1.9a (3.1.9a)
\pgflinewidth=\dimen198
)
(C:\Users\mauri\AppData\Local\Programs\MiKTeX1\tex/generic/pgf/basiclayer\pgfco
retransformations.code.tex
File: pgfcoretransformations.code.tex 2021/05/15 v3.1.9a (3.1.9a)
\pgf@pt@x=\dimen199
\pgf@pt@y=\dimen256
\pgf@pt@temp=\dimen257
)
(C:\Users\mauri\AppData\Local\Programs\MiKTeX1\tex/generic/pgf/basiclayer\pgfco
requick.code.tex
File: pgfcorequick.code.tex 2021/05/15 v3.1.9a (3.1.9a)
)
(C:\Users\mauri\AppData\Local\Programs\MiKTeX1\tex/generic/pgf/basiclayer\pgfco
reobjects.code.tex
File: pgfcoreobjects.code.tex 2021/05/15 v3.1.9a (3.1.9a)
)
(C:\Users\mauri\AppData\Local\Programs\MiKTeX1\tex/generic/pgf/basiclayer\pgfco
repathprocessing.code.tex
File: pgfcorepathprocessing.code.tex 2021/05/15 v3.1.9a (3.1.9a)
)
(C:\Users\mauri\AppData\Local\Programs\MiKTeX1\tex/generic/pgf/basiclayer\pgfco
rearrows.code.tex
File: pgfcorearrows.code.tex 2021/05/15 v3.1.9a (3.1.9a)
\pgfarrowsep=\dimen258
)
(C:\Users\mauri\AppData\Local\Programs\MiKTeX1\tex/generic/pgf/basiclayer\pgfco
reshade.code.tex
File: pgfcoreshade.code.tex 2021/05/15 v3.1.9a (3.1.9a)
\pgf@max=\dimen259
\pgf@sys@shading@range@num=\count297
\pgf@shadingcount=\count298
)
(C:\Users\mauri\AppData\Local\Programs\MiKTeX1\tex/generic/pgf/basiclayer\pgfco
reimage.code.tex
File: pgfcoreimage.code.tex 2021/05/15 v3.1.9a (3.1.9a)

(C:\Users\mauri\AppData\Local\Programs\MiKTeX1\tex/generic/pgf/basiclayer\pgfco
reexternal.code.tex
File: pgfcoreexternal.code.tex 2021/05/15 v3.1.9a (3.1.9a)
\pgfexternal@startupbox=\box59
))
(C:\Users\mauri\AppData\Local\Programs\MiKTeX1\tex/generic/pgf/basiclayer\pgfco
relayers.code.tex
File: pgfcorelayers.code.tex 2021/05/15 v3.1.9a (3.1.9a)
)
(C:\Users\mauri\AppData\Local\Programs\MiKTeX1\tex/generic/pgf/basiclayer\pgfco
retransparency.code.tex
File: pgfcoretransparency.code.tex 2021/05/15 v3.1.9a (3.1.9a)
)
(C:\Users\mauri\AppData\Local\Programs\MiKTeX1\tex/generic/pgf/basiclayer\pgfco
repatterns.code.tex
File: pgfcorepatterns.code.tex 2021/05/15 v3.1.9a (3.1.9a)
)
(C:\Users\mauri\AppData\Local\Programs\MiKTeX1\tex/generic/pgf/basiclayer\pgfco
rerdf.code.tex
File: pgfcorerdf.code.tex 2021/05/15 v3.1.9a (3.1.9a)
)))
(C:\Users\mauri\AppData\Local\Programs\MiKTeX1\tex/generic/pgf/modules\pgfmodul
eshapes.code.tex
File: pgfmoduleshapes.code.tex 2021/05/15 v3.1.9a (3.1.9a)
\pgfnodeparttextbox=\box60
)
(C:\Users\mauri\AppData\Local\Programs\MiKTeX1\tex/generic/pgf/modules\pgfmodul
eplot.code.tex
File: pgfmoduleplot.code.tex 2021/05/15 v3.1.9a (3.1.9a)
)
(C:\Users\mauri\AppData\Local\Programs\MiKTeX1\tex/latex/pgf/compatibility\pgfc
omp-version-0-65.sty
Package: pgfcomp-version-0-65 2021/05/15 v3.1.9a (3.1.9a)
\pgf@nodesepstart=\dimen260
\pgf@nodesepend=\dimen261
)
(C:\Users\mauri\AppData\Local\Programs\MiKTeX1\tex/latex/pgf/compatibility\pgfc
omp-version-1-18.sty
Package: pgfcomp-version-1-18 2021/05/15 v3.1.9a (3.1.9a)
)) (C:\Users\mauri\AppData\Local\Programs\MiKTeX1\tex/latex/tools\verbatim.sty
Package: verbatim 2020-07-07 v1.5u LaTeX2e package for verbatim enhancements
\every@verbatim=\toks47
\verbatim@line=\toks48
\verbatim@in@stream=\read4
) (C:\Users\mauri\AppData\Local\Programs\MiKTeX1\tex/latex/environ\environ.sty
Package: environ 2014/05/04 v0.3 A new way to define environments

(C:\Users\mauri\AppData\Local\Programs\MiKTeX1\tex/latex/trimspaces\trimspaces.
sty
Package: trimspaces 2009/09/17 v1.1 Trim spaces around a token list
)) (C:\Users\mauri\AppData\Local\Programs\MiKTeX1\tex/latex/etoolbox\etoolbox.s
ty
Package: etoolbox 2020/10/05 v2.5k e-TeX tools for LaTeX (JAW)
\etb@tempcnta=\count299
)
\tcb@titlebox=\box61
\tcb@upperbox=\box62
\tcb@lowerbox=\box63
\tcb@phantombox=\box64
\c@tcbbreakpart=\count300
\c@tcblayer=\count301
\c@tcolorbox@number=\count302
\tcb@temp=\box65
\tcb@temp=\box66
\tcb@temp=\box67
\tcb@temp=\box68
)
(C:\Users\mauri\AppData\Local\Programs\MiKTeX1\tex/latex/pgf/frontendlayer\tikz
.sty
(C:\Users\mauri\AppData\Local\Programs\MiKTeX1\tex/latex/pgf/utilities\pgffor.s
ty
(C:\Users\mauri\AppData\Local\Programs\MiKTeX1\tex/latex/pgf/utilities\pgfkeys.
sty
(C:\Users\mauri\AppData\Local\Programs\MiKTeX1\tex/generic/pgf/utilities\pgfkey
s.code.tex)) (C:\Users\mauri\AppData\Local\Programs\MiKTeX1\tex/latex/pgf/math\
pgfmath.sty
(C:\Users\mauri\AppData\Local\Programs\MiKTeX1\tex/generic/pgf/math\pgfmath.cod
e.tex))
(C:\Users\mauri\AppData\Local\Programs\MiKTeX1\tex/generic/pgf/utilities\pgffor
.code.tex
Package: pgffor 2021/05/15 v3.1.9a (3.1.9a)

(C:\Users\mauri\AppData\Local\Programs\MiKTeX1\tex/generic/pgf/math\pgfmath.cod
e.tex)
\pgffor@iter=\dimen262
\pgffor@skip=\dimen263
\pgffor@stack=\toks49
\pgffor@toks=\toks50
))
(C:\Users\mauri\AppData\Local\Programs\MiKTeX1\tex/generic/pgf/frontendlayer/ti
kz\tikz.code.tex
Package: tikz 2021/05/15 v3.1.9a (3.1.9a)

(C:\Users\mauri\AppData\Local\Programs\MiKTeX1\tex/generic/pgf/libraries\pgflib
raryplothandlers.code.tex
File: pgflibraryplothandlers.code.tex 2021/05/15 v3.1.9a (3.1.9a)
\pgf@plot@mark@count=\count303
\pgfplotmarksize=\dimen264
)
\tikz@lastx=\dimen265
\tikz@lasty=\dimen266
\tikz@lastxsaved=\dimen267
\tikz@lastysaved=\dimen268
\tikz@lastmovetox=\dimen269
\tikz@lastmovetoy=\dimen270
\tikzleveldistance=\dimen271
\tikzsiblingdistance=\dimen272
\tikz@figbox=\box69
\tikz@figbox@bg=\box70
\tikz@tempbox=\box71
\tikz@tempbox@bg=\box72
\tikztreelevel=\count304
\tikznumberofchildren=\count305
\tikznumberofcurrentchild=\count306
\tikz@fig@count=\count307

(C:\Users\mauri\AppData\Local\Programs\MiKTeX1\tex/generic/pgf/modules\pgfmodul
ematrix.code.tex
File: pgfmodulematrix.code.tex 2021/05/15 v3.1.9a (3.1.9a)
\pgfmatrixcurrentrow=\count308
\pgfmatrixcurrentcolumn=\count309
\pgf@matrix@numberofcolumns=\count310
)
\tikz@expandcount=\count311

(C:\Users\mauri\AppData\Local\Programs\MiKTeX1\tex/generic/pgf/frontendlayer/ti
kz/libraries\tikzlibrarytopaths.code.tex
File: tikzlibrarytopaths.code.tex 2021/05/15 v3.1.9a (3.1.9a)
)))
(C:\Users\mauri\AppData\Local\Programs\MiKTeX1\tex/latex/tikz-3dplot\tikz-3dplo
t.sty (C:\Users\mauri\AppData\Local\Programs\MiKTeX1\tex/latex/base\ifthen.sty
Package: ifthen 2020/11/24 v1.1c Standard LaTeX ifthen package (DPC)
)
(C:\Users\mauri\AppData\Local\Programs\MiKTeX1\tex/generic/pgf/frontendlayer/ti
kz/libraries\tikzlibrarycalc.code.tex
File: tikzlibrarycalc.code.tex 2021/05/15 v3.1.9a (3.1.9a)
)
(C:\Users\mauri\AppData\Local\Programs\MiKTeX1\tex/generic/pgf/frontendlayer/ti
kz/libraries\tikzlibrary3d.code.tex
File: tikzlibrary3d.code.tex 2021/05/15 v3.1.9a (3.1.9a)
)
(C:\Users\mauri\AppData\Local\Programs\MiKTeX1\tex/generic/pgf/frontendlayer/ti
kz/libraries\tikzlibraryarrows.code.tex
File: tikzlibraryarrows.code.tex 2021/05/15 v3.1.9a (3.1.9a)

(C:\Users\mauri\AppData\Local\Programs\MiKTeX1\tex/generic/pgf/libraries\pgflib
raryarrows.code.tex
File: pgflibraryarrows.code.tex 2021/05/15 v3.1.9a (3.1.9a)
\arrowsize=\dimen273
)))
(C:\Users\mauri\AppData\Local\Programs\MiKTeX1\tex/generic/pgf/frontendlayer/ti
kz/libraries\tikzlibrarypositioning.code.tex
File: tikzlibrarypositioning.code.tex 2021/05/15 v3.1.9a (3.1.9a)
)
(C:\Users\mauri\AppData\Local\Programs\MiKTeX1\tex/generic/pgf/frontendlayer/ti
kz/libraries\tikzlibraryfit.code.tex
File: tikzlibraryfit.code.tex 2021/05/15 v3.1.9a (3.1.9a)
)
(C:\Users\mauri\AppData\Local\Programs\MiKTeX1\tex/generic/pgf/frontendlayer/ti
kz/libraries\tikzlibrarymatrix.code.tex
File: tikzlibrarymatrix.code.tex 2021/05/15 v3.1.9a (3.1.9a)
)
(C:\Users\mauri\AppData\Local\Programs\MiKTeX1\tex/generic/pgf/frontendlayer/ti
kz/libraries\tikzlibraryshapes.multipart.code.tex
File: tikzlibraryshapes.multipart.code.tex 2021/05/15 v3.1.9a (3.1.9a)

(C:\Users\mauri\AppData\Local\Programs\MiKTeX1\tex/generic/pgf/libraries/shapes
\pgflibraryshapes.multipart.code.tex
File: pgflibraryshapes.multipart.code.tex 2021/05/15 v3.1.9a (3.1.9a)
\pgfnodepartlowerbox=\box73
\pgfnodeparttwobox=\box74
\pgfnodepartthreebox=\box75
\pgfnodepartfourbox=\box76
\pgfnodeparttwentybox=\box77
\pgfnodepartnineteenbox=\box78
\pgfnodeparteighteenbox=\box79
\pgfnodepartseventeenbox=\box80
\pgfnodepartsixteenbox=\box81
\pgfnodepartfifteenbox=\box82
\pgfnodepartfourteenbox=\box83
\pgfnodepartthirteenbox=\box84
\pgfnodeparttwelvebox=\box85
\pgfnodepartelevenbox=\box86
\pgfnodeparttenbox=\box87
\pgfnodepartninebox=\box88
\pgfnodeparteightbox=\box89
\pgfnodepartsevenbox=\box90
\pgfnodepartsixbox=\box91
\pgfnodepartfivebox=\box92
))
(C:\Users\mauri\AppData\Local\Programs\MiKTeX1\tex/generic/pgf/libraries\pgflib
raryarrows.meta.code.tex
File: pgflibraryarrows.meta.code.tex 2021/05/15 v3.1.9a (3.1.9a)
\pgfarrowinset=\dimen274
\pgfarrowlength=\dimen275
\pgfarrowwidth=\dimen276
\pgfarrowlinewidth=\dimen277
)
(C:\Users\mauri\AppData\Local\Programs\MiKTeX1\tex/generic/pgf/frontendlayer/ti
kz/libraries\tikzlibrarydecorations.pathreplacing.code.tex
(C:\Users\mauri\AppData\Local\Programs\MiKTeX1\tex/generic/pgf/frontendlayer/ti
kz/libraries\tikzlibrarydecorations.code.tex
(C:\Users\mauri\AppData\Local\Programs\MiKTeX1\tex/generic/pgf/modules\pgfmodul
edecorations.code.tex
\pgfdecoratedcompleteddistance=\dimen278
\pgfdecoratedremainingdistance=\dimen279
\pgfdecoratedinputsegmentcompleteddistance=\dimen280
\pgfdecoratedinputsegmentremainingdistance=\dimen281
\pgf@decorate@distancetomove=\dimen282
\pgf@decorate@repeatstate=\count312
\pgfdecorationsegmentamplitude=\dimen283
\pgfdecorationsegmentlength=\dimen284
)
\tikz@lib@dec@box=\box93
)
(C:\Users\mauri\AppData\Local\Programs\MiKTeX1\tex/generic/pgf/libraries/decora
tions\pgflibrarydecorations.pathreplacing.code.tex)) (C:\Users\mauri\AppData\Lo
cal\Programs\MiKTeX1\tex/latex/ragged2e\ragged2e.sty
Package: ragged2e 2021/02/05 v3.0 ragged2e Package
\CenteringLeftskip=\skip57
\RaggedLeftLeftskip=\skip58
\RaggedRightLeftskip=\skip59
\CenteringRightskip=\skip60
\RaggedLeftRightskip=\skip61
\RaggedRightRightskip=\skip62
\CenteringParfillskip=\skip63
\RaggedLeftParfillskip=\skip64
\RaggedRightParfillskip=\skip65
\JustifyingParfillskip=\skip66
\CenteringParindent=\skip67
\RaggedLeftParindent=\skip68
\RaggedRightParindent=\skip69
\JustifyingParindent=\skip70
) (C:\Users\mauri\AppData\Local\Programs\MiKTeX1\tex/latex/pgfplots\pgfplots.st
y
(C:\Users\mauri\AppData\Local\Programs\MiKTeX1\tex/generic/pgfplots\pgfplots.re
vision.tex)
Package: pgfplots 2021/05/15 v1.18.1 Data Visualization (1.18.1)

(C:\Users\mauri\AppData\Local\Programs\MiKTeX1\tex/generic/pgfplots\pgfplots.co
de.tex
(C:\Users\mauri\AppData\Local\Programs\MiKTeX1\tex/generic/pgfplots\pgfplotscor
e.code.tex
\t@pgfplots@toka=\toks51
\t@pgfplots@tokb=\toks52
\t@pgfplots@tokc=\toks53
\pgfplots@tmpa=\dimen285
\c@pgfplots@coordindex=\count313
\c@pgfplots@scanlineindex=\count314

(C:\Users\mauri\AppData\Local\Programs\MiKTeX1\tex/generic/pgfplots/sys\pgfplot
ssysgeneric.code.tex))
(C:\Users\mauri\AppData\Local\Programs\MiKTeX1\tex/generic/pgfplots/libs\pgfplo
tslibrary.code.tex)
(C:\Users\mauri\AppData\Local\Programs\MiKTeX1\tex/generic/pgfplots/oldpgfcompa
tib\pgfplotsoldpgfsupp_loader.code.tex
(C:\Users\mauri\AppData\Local\Programs\MiKTeX1\tex/generic/pgf/libraries\pgflib
raryfpu.code.tex))
(C:\Users\mauri\AppData\Local\Programs\MiKTeX1\tex/generic/pgfplots/util\pgfplo
tsutil.code.tex
(C:\Users\mauri\AppData\Local\Programs\MiKTeX1\tex/generic/pgfplots/liststructu
re\pgfplotsliststructure.code.tex)
(C:\Users\mauri\AppData\Local\Programs\MiKTeX1\tex/generic/pgfplots/liststructu
re\pgfplotsliststructureext.code.tex)
(C:\Users\mauri\AppData\Local\Programs\MiKTeX1\tex/generic/pgfplots/liststructu
re\pgfplotsarray.code.tex
\c@pgfplotsarray@tmp=\count315
)
(C:\Users\mauri\AppData\Local\Programs\MiKTeX1\tex/generic/pgfplots/liststructu
re\pgfplotsmatrix.code.tex)
(C:\Users\mauri\AppData\Local\Programs\MiKTeX1\tex/generic/pgfplots/numtable\pg
fplotstableshared.code.tex
\c@pgfplotstable@counta=\count316
\t@pgfplotstable@a=\toks54
)
(C:\Users\mauri\AppData\Local\Programs\MiKTeX1\tex/generic/pgfplots/liststructu
re\pgfplotsdeque.code.tex)
(C:\Users\mauri\AppData\Local\Programs\MiKTeX1\tex/generic/pgfplots/util\pgfplo
tsbinary.code.tex
(C:\Users\mauri\AppData\Local\Programs\MiKTeX1\tex/generic/pgfplots/util\pgfplo
tsbinary.data.code.tex))
(C:\Users\mauri\AppData\Local\Programs\MiKTeX1\tex/generic/pgfplots/util\pgfplo
tsutil.verb.code.tex)
(C:\Users\mauri\AppData\Local\Programs\MiKTeX1\tex/generic/pgfplots/libs\pgflib
rarypgfplots.surfshading.code.tex
\c@pgfplotslibrarysurf@no=\count317

(C:\Users\mauri\AppData\Local\Programs\MiKTeX1\tex/generic/pgfplots/sys\pgflibr
arypgfplots.surfshading.pgfsys-pdftex.def)))
(C:\Users\mauri\AppData\Local\Programs\MiKTeX1\tex/generic/pgfplots/util\pgfplo
tscolormap.code.tex
(C:\Users\mauri\AppData\Local\Programs\MiKTeX1\tex/generic/pgfplots/util\pgfplo
tscolor.code.tex))
(C:\Users\mauri\AppData\Local\Programs\MiKTeX1\tex/generic/pgfplots\pgfplotssta
ckedplots.code.tex)
(C:\Users\mauri\AppData\Local\Programs\MiKTeX1\tex/generic/pgfplots\pgfplotsplo
thandlers.code.tex
(C:\Users\mauri\AppData\Local\Programs\MiKTeX1\tex/generic/pgfplots\pgfplotsmes
hplothandler.code.tex
(C:\Users\mauri\AppData\Local\Programs\MiKTeX1\tex/generic/pgfplots\pgfplotsmes
hplotimage.code.tex)))
(C:\Users\mauri\AppData\Local\Programs\MiKTeX1\tex/generic/pgfplots\pgfplots.sc
aling.code.tex)
(C:\Users\mauri\AppData\Local\Programs\MiKTeX1\tex/generic/pgfplots\pgfplotscoo
rdprocessing.code.tex)
(C:\Users\mauri\AppData\Local\Programs\MiKTeX1\tex/generic/pgfplots\pgfplots.er
rorbars.code.tex)
(C:\Users\mauri\AppData\Local\Programs\MiKTeX1\tex/generic/pgfplots\pgfplots.ma
rkers.code.tex)
(C:\Users\mauri\AppData\Local\Programs\MiKTeX1\tex/generic/pgfplots\pgfplotstic
ks.code.tex)
(C:\Users\mauri\AppData\Local\Programs\MiKTeX1\tex/generic/pgfplots\pgfplots.pa
ths.code.tex)
(C:\Users\mauri\AppData\Local\Programs\MiKTeX1\tex/generic/pgf/frontendlayer/ti
kz/libraries\tikzlibrarydecorations.pathmorphing.code.tex
(C:\Users\mauri\AppData\Local\Programs\MiKTeX1\tex/generic/pgf/libraries/decora
tions\pgflibrarydecorations.pathmorphing.code.tex))
(C:\Users\mauri\AppData\Local\Programs\MiKTeX1\tex/generic/pgfplots/libs\tikzli
brarypgfplots.contourlua.code.tex)
\pgfplots@numplots=\count318
\pgfplots@xmin@reg=\dimen286
\pgfplots@xmax@reg=\dimen287
\pgfplots@ymin@reg=\dimen288
\pgfplots@ymax@reg=\dimen289
\pgfplots@zmin@reg=\dimen290
\pgfplots@zmax@reg=\dimen291
)
(C:\Users\mauri\AppData\Local\Programs\MiKTeX1\tex/generic/pgf/frontendlayer/ti
kz/libraries\tikzlibraryplotmarks.code.tex
File: tikzlibraryplotmarks.code.tex 2021/05/15 v3.1.9a (3.1.9a)

(C:\Users\mauri\AppData\Local\Programs\MiKTeX1\tex/generic/pgf/libraries\pgflib
raryplotmarks.code.tex
File: pgflibraryplotmarks.code.tex 2021/05/15 v3.1.9a (3.1.9a)
)))
(C:\Users\mauri\AppData\Local\Programs\MiKTeX1\tex/latex/algorithms\algorithm.s
ty
Package: algorithm 2009/08/24 v0.1 Document Style `algorithm' - floating enviro
nment
\@float@every@algorithm=\toks55
\c@algorithm=\count319
)
(C:\Users\mauri\AppData\Local\Programs\MiKTeX1\tex/latex/algorithmicx\algpseudo
code.sty
Package: algpseudocode 

(C:\Users\mauri\AppData\Local\Programs\MiKTeX1\tex/latex/algorithmicx\algorithm
icx.sty
Package: algorithmicx 2005/04/27 v1.2 Algorithmicx
Document Style algorithmicx 1.2 - a greatly improved `algorithmic' style
\c@ALG@line=\count320
\c@ALG@rem=\count321
\c@ALG@nested=\count322
\ALG@tlm=\skip71
\ALG@thistlm=\skip72
\c@ALG@Lnr=\count323
\c@ALG@blocknr=\count324
\c@ALG@storecount=\count325
\c@ALG@tmpcounter=\count326
\ALG@tmplength=\skip73
)
Document Style - pseudocode environments for use with the `algorithmicx' style
) (C:\Users\mauri\AppData\Local\Programs\MiKTeX1\tex/latex/listings\listings.st
y
\lst@mode=\count327
\lst@gtempboxa=\box94
\lst@token=\toks56
\lst@length=\count328
\lst@currlwidth=\dimen292
\lst@column=\count329
\lst@pos=\count330
\lst@lostspace=\dimen293
\lst@width=\dimen294
\lst@newlines=\count331
\lst@lineno=\count332
\lst@maxwidth=\dimen295
(C:\Users\mauri\AppData\Local\Programs\MiKTeX1\tex/latex/listings\lstmisc.sty
File: lstmisc.sty 2020/03/24 1.8d (Carsten Heinz)
\c@lstnumber=\count333
\lst@skipnumbers=\count334
\lst@framebox=\box95
) (C:\Users\mauri\AppData\Local\Programs\MiKTeX1\tex/latex/listings\listings.cf
g
File: listings.cfg 2020/03/24 1.8d listings configuration
))
Package: listings 2020/03/24 1.8d (Carsten Heinz)
(C:\Users\mauri\AppData\Local\Programs\MiKTeX1\tex/latex/cite\cite.sty
LaTeX Info: Redefining \cite on input line 302.
LaTeX Info: Redefining \nocite on input line 332.
Package: cite 2015/02/27  v 5.5
)
(C:\Users\mauri\AppData\Local\Programs\MiKTeX1\tex/latex/listofitems\listofitem
s.sty
(C:\Users\mauri\AppData\Local\Programs\MiKTeX1\tex/generic/listofitems\listofit
ems.tex
\loi_cnt_foreach_nest=\count335
\loi_nestcnt=\count336
)
Package: listofitems 2024/03/09 v1.65 Grab items in lists using user-specified 
sep char (CT)
) (C:\Users\mauri\AppData\Local\Programs\MiKTeX1\tex/latex/contour\contour.sty
Package: contour 2004/11/18 v2.14 Print contoured text (HH, MH)
\con@length=\skip74
Loading configuration file `contour.cfg'.
(C:\Users\mauri\AppData\Local\Programs\MiKTeX1\tex/latex/contour\contour.cfg
File: contour.cfg 2004/11/18 v2.14 Print contoured text (HH, MH)
)
contour: Using driver file `pdftex.cnt'.
(C:\Users\mauri\AppData\Local\Programs\MiKTeX1\tex/latex/contour\pdftex.cnt
File: pdftex.cnt 2004/11/18 v2.14 Print contoured text (HH, MH)
))
(C:\Users\mauri\AppData\Local\Programs\MiKTeX1\tex/latex/pgf/frontendlayer/libr
aries\tikzlibraryexternal.code.tex
(C:\Users\mauri\AppData\Local\Programs\MiKTeX1\tex/generic/pgf/frontendlayer/ti
kz/libraries\tikzexternalshared.code.tex))
No auxiliary output files.

\w@pgfexternal@auxout=\write4
Package TikZ externalization: calling \geometry{driver=none} during externaliza
tion.

(C:\Users\mauri\AppData\Local\Programs\MiKTeX1\tex/latex/appendix\appendix.sty
Package: appendix 2020/02/08 v1.2c extra appendix facilities
\c@@pps=\count337
\c@@ppsavesec=\count338
\c@@ppsaveapp=\count339
) (C:\Users\mauri\AppData\Local\Programs\MiKTeX1\tex/latex/caption\caption.sty
Package: caption 2023/08/05 v3.6o Customizing captions (AR)
(C:\Users\mauri\AppData\Local\Programs\MiKTeX1\tex/latex/caption\caption3.sty
Package: caption3 2023/07/31 v2.4d caption3 kernel (AR)
\caption@tempdima=\dimen296
\captionmargin=\dimen297
\caption@leftmargin=\dimen298
\caption@rightmargin=\dimen299
\caption@width=\dimen300
\caption@indent=\dimen301
\caption@parindent=\dimen302
\caption@hangindent=\dimen303
Package caption Info: Standard document class detected.
)
\c@caption@flags=\count340
\c@continuedfloat=\count341
Package caption Info: float package is loaded.
Package caption Info: hyperref package is loaded.
Package caption Info: listings package is loaded.
)
(C:\Users\mauri\AppData\Local\Programs\MiKTeX1\tex/latex/caption\subcaption.sty
Package: subcaption 2023/07/28 v1.6b Sub-captions (AR)
Package caption Info: New subtype `subfigure' on input line 238.
\c@subfigure=\count342
Package caption Info: New subtype `subtable' on input line 238.
\c@subtable=\count343
) (C:\Users\mauri\AppData\Local\Programs\MiKTeX1\tex/latex/booktabs\booktabs.st
y
Package: booktabs 2020/01/12 v1.61803398 Publication quality tables
\heavyrulewidth=\dimen304
\lightrulewidth=\dimen305
\cmidrulewidth=\dimen306
\belowrulesep=\dimen307
\belowbottomsep=\dimen308
\aboverulesep=\dimen309
\abovetopsep=\dimen310
\cmidrulesep=\dimen311
\cmidrulekern=\dimen312
\defaultaddspace=\dimen313
\@cmidla=\count344
\@cmidlb=\count345
\@aboverulesep=\dimen314
\@belowrulesep=\dimen315
\@thisruleclass=\count346
\@lastruleclass=\count347
\@thisrulewidth=\dimen316
) (C:\Users\mauri\AppData\Local\Programs\MiKTeX1\tex/latex/titlesec\titlesec.st
y
Package: titlesec 2025/01/04 v2.17 Sectioning titles
\ttl@box=\box96
\beforetitleunit=\skip75
\aftertitleunit=\skip76
\ttl@plus=\dimen317
\ttl@minus=\dimen318
\ttl@toksa=\toks57
\titlewidth=\dimen319
\titlewidthlast=\dimen320
\titlewidthfirst=\dimen321
)
\c@definition=\count348
\c@example=\count349
\c@teorema=\count350
\c@observation=\count351
\c@lemma=\count352
\c@corollary=\count353
)
\c@proposition=\count354

(C:\Users\mauri\AppData\Local\Programs\MiKTeX1\tex/latex/l3backend\l3backend-pd
ftex.def
File: l3backend-pdftex.def 2021-08-04 L3 backend support: PDF output (pdfTeX)
\l__color_backend_stack_int=\count355
\l__pdf_internal_box=\box97
)
No file tikz-cache/main-figure19.aux.
LaTeX Font Info:    Checking defaults for OML/cmm/m/it on input line 6.
LaTeX Font Info:    ... okay on input line 6.
LaTeX Font Info:    Checking defaults for OMS/cmsy/m/n on input line 6.
LaTeX Font Info:    ... okay on input line 6.
LaTeX Font Info:    Checking defaults for OT1/cmr/m/n on input line 6.
LaTeX Font Info:    ... okay on input line 6.
LaTeX Font Info:    Checking defaults for T1/cmr/m/n on input line 6.
LaTeX Font Info:    ... okay on input line 6.
LaTeX Font Info:    Checking defaults for TS1/cmr/m/n on input line 6.
LaTeX Font Info:    ... okay on input line 6.
LaTeX Font Info:    Checking defaults for OMX/cmex/m/n on input line 6.
LaTeX Font Info:    ... okay on input line 6.
LaTeX Font Info:    Checking defaults for U/cmr/m/n on input line 6.
LaTeX Font Info:    ... okay on input line 6.
LaTeX Font Info:    Checking defaults for PD1/pdf/m/n on input line 6.
LaTeX Font Info:    ... okay on input line 6.
LaTeX Font Info:    Checking defaults for PU/pdf/m/n on input line 6.
LaTeX Font Info:    ... okay on input line 6.

(C:\Users\mauri\AppData\Local\Programs\MiKTeX1\tex/context/base/mkii\supp-pdf.m
kii
[Loading MPS to PDF converter (version 2006.09.02).]
\scratchcounter=\count356
\scratchdimen=\dimen322
\scratchbox=\box98
\nofMPsegments=\count357
\nofMParguments=\count358
\everyMPshowfont=\toks58
\MPscratchCnt=\count359
\MPscratchDim=\dimen323
\MPnumerator=\count360
\makeMPintoPDFobject=\count361
\everyMPtoPDFconversion=\toks59
)
(C:\Users\mauri\AppData\Local\Programs\MiKTeX1\tex/latex/epstopdf-pkg\epstopdf-
base.sty
Package: epstopdf-base 2020-01-24 v2.11 Base part for package epstopdf
Package epstopdf-base Info: Redefining graphics rule for `.eps' on input line 4
85.

(C:\Users\mauri\AppData\Local\Programs\MiKTeX1\tex/latex/00miktex\epstopdf-sys.
cfg
File: epstopdf-sys.cfg 2021/03/18 v2.0 Configuration of epstopdf for MiKTeX
))
*geometry* detected driver: <none>
*geometry* verbose mode - [ preamble ] result:
* driver: \Gm@driver 
* paper: <default>
* layout: <same size as paper>
* layoutoffset:(h,v)=(0.0pt,0.0pt)
* modes: twoside 
* h-part:(L,W,R)=(86.724pt, 397.48499pt, 130.08601pt)
* v-part:(T,H,B)=(72.26999pt, 650.43pt, 72.27pt)
* \paperwidth=614.295pt
* \paperheight=794.96999pt
* \textwidth=397.48499pt
* \textheight=650.43pt
* \oddsidemargin=14.45401pt
* \evensidemargin=57.81602pt
* \topmargin=-37.0pt
* \headheight=12.0pt
* \headsep=25.0pt
* \topskip=10.0pt
* \footskip=30.0pt
* \marginparwidth=125.0pt
* \marginparsep=7.0pt
* \columnsep=10.0pt
* \skip\footins=9.0pt plus 4.0pt minus 2.0pt
* \hoffset=0.0pt
* \voffset=0.0pt
* \mag=1000
* \@twocolumnfalse
* \@twosidetrue
* \@mparswitchtrue
* \@reversemarginfalse
* (1in=72.27pt=25.4mm, 1cm=28.453pt)

Package hyperref Info: Link coloring OFF on input line 6.
(C:\Users\mauri\AppData\Local\Programs\MiKTeX1\tex/latex/hyperref\nameref.sty
Package: nameref 2021-04-02 v2.47 Cross-referencing by name of section
(C:\Users\mauri\AppData\Local\Programs\MiKTeX1\tex/latex/refcount\refcount.sty
Package: refcount 2019/12/15 v3.6 Data extraction from label references (HO)
)
(C:\Users\mauri\AppData\Local\Programs\MiKTeX1\tex/generic/gettitlestring\getti
tlestring.sty
Package: gettitlestring 2019/12/15 v1.6 Cleanup title references (HO)
)
\c@section@level=\count362
)
LaTeX Info: Redefining \ref on input line 6.
LaTeX Info: Redefining \pageref on input line 6.
LaTeX Info: Redefining \nameref on input line 6.
LaTeX Info: Redefining \. on input line 6.
LaTeX Info: Redefining \% on input line 6.
Package pgfplots notification 'compat/show suggested version=true': document ha
s been generated with the most recent feature set (\pgfplotsset{compat=1.18}).

\c@lstlisting=\count363
Package caption Info: Begin \AtBeginDocument code.
Package caption Info: End \AtBeginDocument code.
(sec/portada/portada.tex) (sec/cap_1/1_Intro.tex
LaTeX Info: Redefining \. on input line 1.
LaTeX Info: Redefining \% on input line 1.
Cap\'{\i }tulo 1.
) (sec/cap_2/2_GraficasYSuperfices.tex
LaTeX Info: Redefining \. on input line 1.
LaTeX Info: Redefining \% on input line 1.
Cap\'{\i }tulo 2.

LaTeX Warning: Citation `haru' on page 7 undefined on input line 5.

LaTeX Font Info:    Trying to load font information for U+msa on input line 5.
(C:\Users\mauri\AppData\Local\Programs\MiKTeX1\tex/latex/amsfonts\umsa.fd
File: umsa.fd 2013/01/14 v3.01 AMS symbols A
)
LaTeX Font Info:    Trying to load font information for U+msb on input line 5.
(C:\Users\mauri\AppData\Local\Programs\MiKTeX1\tex/latex/amsfonts\umsb.fd
File: umsb.fd 2013/01/14 v3.01 AMS symbols B
)
LaTeX Font Info:    Trying to load font information for U+rsfs on input line 5.

(C:\Users\mauri\AppData\Local\Programs\MiKTeX1\tex/latex/jknappen\ursfs.fd
File: ursfs.fd 1998/03/24 rsfs font definition file (jk)
)

LaTeX Warning: Citation `pressley' on page 7 undefined on input line 5.


LaTeX Warning: Citation `minian_complejos_simpliciales_poliedros' on page 7 und
efined on input line 5.


LaTeX Warning: Citation `munkres_topology_2000' on page 7 undefined on input li
ne 7.


LaTeX Warning: Citation `prieto_topologia_2003' on page 7 undefined on input li
ne 7.


LaTeX Warning: Citation `minian_complejos_simpliciales_poliedros' on page 7 und
efined on input line 7.


LaTeX Warning: Citation `haru' on page 7 undefined on input line 7.


LaTeX Warning: Citation `diestel' on page 7 undefined on input line 7.


LaTeX Warning: Citation `pressley' on page 7 undefined on input line 7.


LaTeX Warning: Reference `ap:basicas' on page 7 undefined on input line 11.

Package hyperref Info: bookmark level for unknown definition defaults to 0 on i
nput line 17.
Package hyperref Info: bookmark level for unknown example defaults to 0 on inpu
t line 40.
LaTeX Info: Redefining \. on input line 54.
LaTeX Info: Redefining \% on input line 54.
A tikzpicture has been optimized away. Use '/tikz/external/optimize=false' to d
isable this.
Package hyperref Info: bookmark level for unknown proposition defaults to 0 on 
input line 109.
LaTeX Info: Redefining \. on input line 116.
LaTeX Info: Redefining \% on input line 116.
Package hyperref Info: bookmark level for unknown teorema defaults to 0 on inpu
t line 145.
LaTeX Info: Redefining \. on input line 157.
LaTeX Info: Redefining \% on input line 157.
A tikzpicture has been optimized away. Use '/tikz/external/optimize=false' to d
isable this.
Package hyperref Info: bookmark level for unknown lemma defaults to 0 on input 
line 218.
LaTeX Info: Redefining \. on input line 226.
LaTeX Info: Redefining \% on input line 226.
LaTeX Info: Redefining \. on input line 265.
LaTeX Info: Redefining \% on input line 265.
LaTeX Info: Redefining \. on input line 310.
LaTeX Info: Redefining \% on input line 310.
A tikzpicture has been optimized away. Use '/tikz/external/optimize=false' to d
isable this.
LaTeX Info: Redefining \. on input line 362.
LaTeX Info: Redefining \% on input line 362.
The command '\includegraphics [width=\textwidth ]{simplice_1.png}' has been opt
imized away. Use '/tikz/external/optimize=false' to disable this.
The command '\includegraphics [width=\textwidth ]{simplice_2.png}' has been opt
imized away. Use '/tikz/external/optimize=false' to disable this.
The command '\includegraphics [width=\textwidth ]{simplice_3.png}' has been opt
imized away. Use '/tikz/external/optimize=false' to disable this.
LaTeX Info: Redefining \. on input line 414.
LaTeX Info: Redefining \% on input line 414.
A tikzpicture has been optimized away. Use '/tikz/external/optimize=false' to d
isable this.

LaTeX Warning: Reference `fig:G' on page 16 undefined on input line 465.

A tikzpicture has been optimized away. Use '/tikz/external/optimize=false' to d
isable this.
LaTeX Info: Redefining \. on input line 562.
LaTeX Info: Redefining \% on input line 562.

LaTeX Warning: Reference `fig:G' on page 17 undefined on input line 584.


LaTeX Warning: Reference `fig:G' on page 17 undefined on input line 621.

LaTeX Info: Redefining \. on input line 625.
LaTeX Info: Redefining \% on input line 625.

LaTeX Warning: Reference `fig:G' on page 18 undefined on input line 638.


LaTeX Warning: Reference `fig:G' on page 18 undefined on input line 665.


LaTeX Warning: Reference `fig:G' on page 18 undefined on input line 667.

LaTeX Info: Redefining \. on input line 679.
LaTeX Info: Redefining \% on input line 679.
A tikzpicture has been optimized away. Use '/tikz/external/optimize=false' to d
isable this.

Underfull \hbox (badness 10000) in paragraph at lines 724--726

 []

A tikzpicture has been optimized away. Use '/tikz/external/optimize=false' to d
isable this.
A tikzpicture has been optimized away. Use '/tikz/external/optimize=false' to d
isable this.
LaTeX Info: Redefining \. on input line 806.
LaTeX Info: Redefining \% on input line 806.
A tikzpicture has been optimized away. Use '/tikz/external/optimize=false' to d
isable this.
A tikzpicture has been optimized away. Use '/tikz/external/optimize=false' to d
isable this.
A tikzpicture has been optimized away. Use '/tikz/external/optimize=false' to d
isable this.
A tikzpicture has been optimized away. Use '/tikz/external/optimize=false' to d
isable this.

LaTeX Warning: Reference `fig:puente' on page 20 undefined on input line 982.

LaTeX Info: Redefining \. on input line 987.
LaTeX Info: Redefining \% on input line 987.
A tikzpicture has been optimized away. Use '/tikz/external/optimize=false' to d
isable this.
Package hyperref Info: bookmark level for unknown corollary defaults to 0 on in
put line 1049.

Underfull \hbox (badness 10000) in paragraph at lines 1063--1064

 []


Underfull \hbox (badness 10000) in paragraph at lines 1065--1066

 []


Underfull \hbox (badness 10000) in paragraph at lines 1067--1073

 []

LaTeX Info: Redefining \. on input line 1073.
LaTeX Info: Redefining \% on input line 1073.
LaTeX Info: Redefining \. on input line 1114.
LaTeX Info: Redefining \% on input line 1114.
) (sec/cap_3/3_GNNs.tex
LaTeX Info: Redefining \. on input line 1.
LaTeX Info: Redefining \% on input line 1.
LaTeX Info: Redefining \. on input line 1.
LaTeX Info: Redefining \% on input line 1.
Cap\'{\i }tulo 3.

LaTeX Warning: Citation `Goodfellow-et-al-2016' on page 25 undefined on input l
ine 6.


LaTeX Warning: Citation `graph_representation_learning' on page 25 undefined on
 input line 6.

A tikzpicture has been optimized away. Use '/tikz/external/optimize=false' to d
isable this.
A tikzpicture has been optimized away. Use '/tikz/external/optimize=false' to d
isable this.
A tikzpicture has been optimized away. Use '/tikz/external/optimize=false' to d
isable this.
LaTeX Info: Redefining \. on input line 164.
LaTeX Info: Redefining \% on input line 164.
A tikzpicture has been optimized away. Use '/tikz/external/optimize=false' to d
isable this.
Package hyperref Info: bookmark level for unknown observation defaults to 0 on 
input line 255.
A tikzpicture has been optimized away. Use '/tikz/external/optimize=false' to d
isable this.
LaTeX Info: Redefining \. on input line 348.
LaTeX Info: Redefining \% on input line 348.
LaTeX Info: Redefining \. on input line 383.
LaTeX Info: Redefining \% on input line 383.

Overfull \hbox (0.42885pt too wide) in paragraph at lines 406--407
[][]\OT1/cmr/bx/n/10 Definici^^Son 40 \OT1/cmr/m/n/10 (Gra-dien-te)\OT1/cmr/bx/
n/10 . []\OT1/cmr/m/it/10 Sea $\OML/cmm/m/it/10 f \OT1/cmr/m/n/10 : 
 \OMS/cmsy/m/n/10 ^^Z \U/msb/m/n/10 R[] [][]\OMS/cmsy/m/n/10 ! \U/msb/m/n/10 R$
\OT1/cmr/m/it/10 ,una fun-ci^^Son di-fe-ren-cia-ble en $\OML/cmm/m/it/10 x[]$\O
T1/cmr/m/it/10 .Entonces
 []

A tikzpicture has been optimized away. Use '/tikz/external/optimize=false' to d
isable this.
LaTeX Info: Redefining \. on input line 510.
LaTeX Info: Redefining \% on input line 510.
Package hyperref Info: bookmark level for unknown algorithm defaults to 0 on in
put line 512.
LaTeX Info: Redefining \. on input line 556.
LaTeX Info: Redefining \% on input line 556.
LaTeX Info: Redefining \. on input line 649.
LaTeX Info: Redefining \% on input line 649.
\openout4 = `tikz-cache/main-figure19.dpth'.

[32

{C:/Users/mauri/AppData/Local/MiKTeX/fonts/map/pdftex/pdftex.map}]
LaTeX Info: Redefining \. on input line 782.
LaTeX Info: Redefining \% on input line 782.

LaTeX Warning: Citation `Goodfellow-et-al-2016' on page 33 undefined on input l
ine 785.

LaTeX Info: Redefining \. on input line 820.
LaTeX Info: Redefining \% on input line 820.
A tikzpicture has been optimized away. Use '/tikz/external/optimize=false' to d
isable this.
LaTeX Info: Redefining \. on input line 931.
LaTeX Info: Redefining \% on input line 931.
LaTeX Info: Redefining \. on input line 978.
LaTeX Info: Redefining \% on input line 978.
LaTeX Info: Redefining \. on input line 1031.
LaTeX Info: Redefining \% on input line 1031.
LaTeX Info: Redefining \. on input line 1087.
LaTeX Info: Redefining \% on input line 1087.
A tikzpicture has been optimized away. Use '/tikz/external/optimize=false' to d
isable this.
LaTeX Info: Redefining \. on input line 1251.
LaTeX Info: Redefining \% on input line 1251.

Overfull \hbox (7.54643pt too wide) in paragraph at lines 1253--1255
[][]\OT1/cmr/bx/n/10 Definici^^Son 55 \OT1/cmr/m/n/10 (Ar-qui-tec-tu-ra de una 
red neu-ro-nal con-vo-lu-cio-nal (CNN))\OT1/cmr/bx/n/10 . []\OT1/cmr/m/it/10 Se
a $\OML/cmm/m/it/10 f \OT1/cmr/m/n/10 : \U/msb/m/n/10 R[] [][]\OMS/cmsy/m/n/10 
!
 []

A tikzpicture has been optimized away. Use '/tikz/external/optimize=false' to d
isable this.

LaTeX Warning: Citation `graph_representation_learning' on page 39 undefined on
 input line 1385.

LaTeX Info: Redefining \. on input line 1386.
LaTeX Info: Redefining \% on input line 1386.
A tikzpicture has been optimized away. Use '/tikz/external/optimize=false' to d
isable this.
A tikzpicture has been optimized away. Use '/tikz/external/optimize=false' to d
isable this.
LaTeX Info: Redefining \. on input line 1600.
LaTeX Info: Redefining \% on input line 1600.
A tikzpicture has been optimized away. Use '/tikz/external/optimize=false' to d
isable this.

Underfull \hbox (badness 10000) in paragraph at lines 1676--1680

 []

LaTeX Info: Redefining \. on input line 1689.
LaTeX Info: Redefining \% on input line 1689.
A tikzpicture has been optimized away. Use '/tikz/external/optimize=false' to d
isable this.
LaTeX Info: Redefining \. on input line 1835.
LaTeX Info: Redefining \% on input line 1835.
LaTeX Info: Redefining \. on input line 1868.
LaTeX Info: Redefining \% on input line 1868.
The command '\includegraphics [width=0.6\textwidth ]{../img/graph_convolutions.
jpg}' has been optimized away. Use '/tikz/external/optimize=false' to disable t
his.
) (sec/cap_4/4_MuestreoGeneral.tex
LaTeX Info: Redefining \. on input line 1.
LaTeX Info: Redefining \% on input line 1.
LaTeX Info: Redefining \. on input line 1.
LaTeX Info: Redefining \% on input line 1.
LaTeX Info: Redefining \. on input line 1.
LaTeX Info: Redefining \% on input line 1.
Cap\'{\i }tulo 4.

Overfull \hbox (32.92755pt too wide) in paragraph at lines 1--1
|\OT1/cmr/bx/n/24.88 Construcci^^Son de al-go-rit-mo de mues-
 []

The command '\includegraphics [width=0.62\textwidth ]{img/cara.png}' has been o
ptimized away. Use '/tikz/external/optimize=false' to disable this.
The command '\includegraphics [width=0.62\textwidth ]{img/superficie.png}' has 
been optimized away. Use '/tikz/external/optimize=false' to disable this.

Underfull \vbox (badness 10000) has occurred while \output is active []

LaTeX Info: Redefining \. on input line 34.
LaTeX Info: Redefining \% on input line 34.
The command '\includegraphics [width=0.62\textwidth ]{img/grafica_superficie.pn
g}' has been optimized away. Use '/tikz/external/optimize=false' to disable thi
s.
LaTeX Info: Redefining \. on input line 57.
LaTeX Info: Redefining \% on input line 57.
A tikzpicture has been optimized away. Use '/tikz/external/optimize=false' to d
isable this.

Underfull \vbox (badness 10000) has occurred while \output is active []

LaTeX Info: Redefining \. on input line 209.
LaTeX Info: Redefining \% on input line 209.
LaTeX Info: Redefining \. on input line 238.
LaTeX Info: Redefining \% on input line 238.

LaTeX Warning: Citation `Knuth' on page 52 undefined on input line 240.

The command '\includegraphics [width=0.62\textwidth ]{img/muestreo.jpg}' has be
en optimized away. Use '/tikz/external/optimize=false' to disable this.
LaTeX Info: Redefining \. on input line 279.
LaTeX Info: Redefining \% on input line 279.

Underfull \vbox (badness 10000) has occurred while \output is active []

LaTeX Info: Redefining \. on input line 324.
LaTeX Info: Redefining \% on input line 324.

Underfull \vbox (badness 4518) has occurred while \output is active []

LaTeX Info: Redefining \. on input line 369.
LaTeX Info: Redefining \% on input line 369.

LaTeX Warning: Reference `XY' on page 55 undefined on input line 374.


Underfull \vbox (badness 10000) has occurred while \output is active []

LaTeX Info: Redefining \. on input line 411.
LaTeX Info: Redefining \% on input line 411.
The command '\includegraphics [width=0.62\textwidth ]{img/algoritmo.png}' has b
een optimized away. Use '/tikz/external/optimize=false' to disable this.

Underfull \vbox (badness 10000) has occurred while \output is active []

LaTeX Info: Redefining \. on input line 456.
LaTeX Info: Redefining \% on input line 456.
LaTeX Info: Redefining \. on input line 503.
LaTeX Info: Redefining \% on input line 503.

Underfull \vbox (badness 10000) has occurred while \output is active []

LaTeX Info: Redefining \. on input line 565.
LaTeX Info: Redefining \% on input line 565.
The command '\includegraphics [width=1.3\textwidth ]{img/adyacencias1.png}' has
 been optimized away. Use '/tikz/external/optimize=false' to disable this.

LaTeX Warning: Reference `alg:kruskal' on page 59 undefined on input line 592.


LaTeX Warning: Reference `alg:DFS' on page 59 undefined on input line 594.


LaTeX Warning: Reference `alg:generaPuntos' on page 59 undefined on input line 
605.


LaTeX Warning: Reference `alg:elimnaAdyacencias' on page 59 undefined on input 
line 608.


Underfull \vbox (badness 10000) has occurred while \output is active []

LaTeX Info: Redefining \. on input line 615.
LaTeX Info: Redefining \% on input line 615.

LaTeX Warning: Citation `Introduction-toalgorithm' on page 60 undefined on inpu
t line 617.


LaTeX Warning: Citation `Introduction-toalgorithm' on page 60 undefined on inpu
t line 618.

LaTeX Info: Redefining \. on input line 624.
LaTeX Info: Redefining \% on input line 624.
) (sec/cap_5/5_Resultados.tex
LaTeX Info: Redefining \. on input line 1.
LaTeX Info: Redefining \% on input line 1.
LaTeX Info: Redefining \. on input line 1.
LaTeX Info: Redefining \% on input line 1.
Cap\'{\i }tulo 5.

LaTeX Warning: Citation `2025eulearn' on page 63 undefined on input line 5.


Underfull \vbox (badness 10000) has occurred while \output is active []

LaTeX Info: Redefining \. on input line 59.
LaTeX Info: Redefining \% on input line 59.

LaTeX Warning: Reference `tab:resultados_optimizacion' on page 65 undefined on 
input line 109.

LaTeX Info: Redefining \. on input line 129.
LaTeX Info: Redefining \% on input line 129.
)
No file tikz-cache/main-figure19.bbl.
(sec/apendice/apendice.tex
LaTeX Info: Redefining \. on input line 1.
LaTeX Info: Redefining \% on input line 1.
Ap\'{e}ndice A.
)

LaTeX Warning: There were undefined references.

 ) 
Here is how much of TeX's memory you used:
 40448 strings out of 478906
 925098 string characters out of 2851448
 1332916 words of memory out of 3000000
 57590 multiletter control sequences out of 15000+600000
 415001 words of font info for 68 fonts, out of 8000000 for 9000
 1141 hyphenation exceptions out of 8191
 92i,10n,89p,1071b,1042s stack positions out of 5000i,500n,10000p,200000b,80000s
<C:/Users/mauri/AppData/Local/Programs/MiKTeX1/fonts/type1/public/amsfonts/cm
/cmbx7.pfb><C:/Users/mauri/AppData/Local/Programs/MiKTeX1/fonts/type1/public/am
sfonts/cm/cmmi10.pfb><C:/Users/mauri/AppData/Local/Programs/MiKTeX1/fonts/type1
/public/amsfonts/cm/cmmi5.pfb><C:/Users/mauri/AppData/Local/Programs/MiKTeX1/fo
nts/type1/public/amsfonts/cm/cmmi7.pfb><C:/Users/mauri/AppData/Local/Programs/M
iKTeX1/fonts/type1/public/amsfonts/cm/cmr10.pfb><C:/Users/mauri/AppData/Local/P
rograms/MiKTeX1/fonts/type1/public/amsfonts/cm/cmr5.pfb><C:/Users/mauri/AppData
/Local/Programs/MiKTeX1/fonts/type1/public/amsfonts/cm/cmr7.pfb><C:/Users/mauri
/AppData/Local/Programs/MiKTeX1/fonts/type1/public/amsfonts/cm/cmsy10.pfb><C:/U
sers/mauri/AppData/Local/Programs/MiKTeX1/fonts/type1/public/amsfonts/cm/cmsy5.
pfb><C:/Users/mauri/AppData/Local/Programs/MiKTeX1/fonts/type1/public/amsfonts/
cm/cmsy7.pfb>
Output written on tikz-cache/main-figure19.pdf (1 page, 103761 bytes).
PDF statistics:
 64 PDF objects out of 1000 (max. 8388607)
 2 named destinations out of 1000 (max. 500000)
 13 words of extra memory for PDF output out of 10000 (max. 10000000)

